[2m [1m[1mtest-project[m  ·  3 worktrees  ·  on root  ·  ↕ name                     ● root[m [m
[2m                                                                                [m
[2m 1 ❯ root ────────────────────────────────────────────────────────────── 2h ago [m
[2m       test commit for root                                                     [m
             ╭───────────────────────────────────────────────────╮
             │                                                   │
             │  [1mDelete Worktree[m                                  │
             │                                                   │
             │  [1mDelete "feature-auth"?[m                           │
             │                                                   │
             │  Path      /tmp/test-project-feature-auth         │
             │  Branch    feature-auth                           │
             │  Commit    abc1234 · 2 hours ago                  │
             │  Status    ● clean                                │
             │                                                   │
             │  [ ] Also delete branch feature-auth              │
             │                                                   │
             │  [1my[m confirm  [1mn[m cancel  [1mspace[m toggle branch         │
             │                                                   │
             ╰───────────────────────────────────────────────────╯
[2m                                                                                [m
[2m                                                                                [m
[2m  [1m↑↓[m navigate · [1menter[m switch · [1mU[m up · [1mn[m new                                     [m
[2m  [1m/[m filter · [1mo[m sort · [1m?[m help · [1mq[m quit                                           [m