          ╭──────────────────────────────────────────────────────────╮
          │                                                          │
          │  [1mConfiguration[m                                           │
          │                                                          │
          │  [1mGeneral[m                                                 │
          │  ┃ [1mproject_name[m                                          │
          │  ┃ Project name                                          │
          │  ┃ > grove-cli[7m [m                                          │
          │                                                          │
          │    [1malias[m                                                 │
          │    Short name for display                                │
          │    [37m> [m[37m[m [37m                                                 [m  │
          │                                                          │
          │    [1mprojects_dir[m                                          │
          │    Where worktrees are created                           │
          │    [37m> [m[37m/home/dev/projects[m [37m                               [m  │
          │                                                          │
          │    [1mdefault_branch[m                                        │
          │    Base branch for new worktrees                         │
          │    [37m> [m[37mmain[m [37m                                             [m  │
          │                                                          │
          │  [38;2;98;98;98menter[m [38;2;74;74;74mnext[m                                              │
          │    esc close                                             │
          │                                                          │