 [1m[1mtest-project[m  ·  5 worktrees  ·  on root  ● root[m 
                                                  
 1 ❯ root ──────────────────────────────── 2h ago 
       test commit for root                       
   [38;2;151;151;151m•[m[38;2;60;60;60m•[m[38;2;60;60;60m•[m[38;2;60;60;60m•[m[38;2;60;60;60m•[m                                          
 ── root ──────────────────────────────────────── 
                                                  
                                                  
                                                  
                                                  
                                                  
                                                  
                                                  
                                                  
                                                  
                                                  
                                                  
                                                  
                                                  
                                                  
                                                  
                                                  
                                                  
  [1m↑↓[m navigate · [1menter[m switch · [1mn[m new · [1md[m delete   