 test-project  ·  5 worktrees  ·  on root                                                                                                                ● root 
     NAME BRANCH AGE     ± ↕  ⬡ ◆                                                               │                                                               
 ────────────────────────────────────────────────────────────────────────────────────────────── │                                                               
                                                                                                │                                                               
 1 ●   2h ago  ●                                                                                │                                                               
 2     2h ago  ✓                                                                                │                                                               
 3     2h ago  ✓                                                                                │                                                               
 4 ●   2h ago  ●                                                                                │                                                               
 5     2h ago  ✓                                                                                │                                                               
                                                                                                │                                                               
                                                                                                │                                                               
                                                                                                │                                                               
                                                                                                │                                                               
                                                                                                │                                                               
                                                                                                │                                                               
                                                                                                │                                                               
                                                                                                │                                                               
                                                                                                │                                                               
                                                                                                │                                                               
                                                                                                │                                                               
                                                                                                │                                                               
                                                                                                │                                                               
                                                                                                │                                                               
  ↑↓ navigate ·   · enter switch ·   · n new ·   · d delete ·   · f fork ·   · s sync ·   · c config ·   · o sort ·   · / filter ·   · p PRs ·   · i issues