 test-project  ·  5 worktrees  ·  on root                                                                        ● root 
     NAME BRANCH AGE     ± ↕  ⬡ ◆                                                                                       
 ────────────────────────────────────────────────────────────────────────────────────────────────────────────────────── 
                                                                                                                        
 1 ●   2h ago  ●                                                                                                        
                                                                                                                        
   •••••                                                                                                                
 ── root ────────────────────────────────────────────────────────────────────────────────────────────────────────────── 
                                                                                                                        
                                                                                                                        
                                                                                                                        
                                                                                                                        
                                                                                                                        
                                                                                                                        
                                                                                                                        
                                                                                                                        
                                                                                                                        
                                                                                                                        
                                                                                                                        
                                                                                                                        
                                                                                                                        
                                                                                                                        
                                                                                                                        
                                                                                                                        
  ↑↓ navigate ·   · enter switch ·   · n new ·   · d delete ·   · f fork ·   · s sync ·   · c config ·   · o sort