 test-project  ·  3 worktrees  ·  on root                                ● root 
     NAME BRANCH AGE     ± ↕  ⬡ ◆                                               
 ────────────────────────────────────────────────────────────────────────────── 
                                                                                
 1 ●   2h ago  ●                                                                
                                                                                
   •••                                                                          
                     ╭────────────────────────────────────╮
                     │                                    │
                     │  Bulk Delete                       │
                     │                                    │
                     │  No merged worktrees to clean up.  │
                     │                                    │
                     │  [esc] close                       │
                     │                                    │
                     ╰────────────────────────────────────╯
                                                                                
                                                                                
                                                                                
                                                                                
                                                                                
                                                                                
                                                                                
                                                                                