  ╭──────────────────────────────────────────────────────────────────────────╮
  │                                                                          │
  │  [1mQuick Reference[m                                                         │
  │                                                                          │
  │  [1mNavigation[m              [1mActions[m                 [1mViews[m                   │
  │                                                                          │
  │    [1m↑/k       [mmove up       [1mn         [mnew worktree  [1m1-9       [mquick-      │
  │  switch                                                                  │
  │    [1m↓/j       [mmove down     [1md         [mdelete        [1m/         [mfilter      │
  │    [1menter     [mswitch        [1mf         [mfork          [1mv         [mcompact     │
  │    [1mesc       [mback/close  worktree                  [1m?         [mtoggle      │
  │  help                                                                    │
  │                            [1ms         [msync changes  [1mq         [mquit        │
  │                            [1mc         [mconfigure                           │
  │                            [1mp         [mbrowse PRs                          │
  │                            [1mi         [mbrowse                              │
  │                          issues                                          │
  │                            [1ma         [mbulk delete                         │
  │                            [1mo         [mcycle sort                          │
  │                            [1mr         [mrefresh                             │
  │                                                                          │
  │  Press ? again to close                                                  │
  │                                                                          │
  ╰──────────────────────────────────────────────────────────────────────────╯