 test-project  ·  5 worktrees  ·  on root                                ● root 
 ╭────────────────────────────────────────────────────────────────────────────╮
 │                                                                            │
 │  Quick Reference                                                           │
 │                                                                            │
 │  Navigation              Actions                 Views                     │
 │                                                                            │
 │    ↑/k     move up         n         new worktree  1-9       quick-switch  │
 │    ↓/j     move down       d         delete        /         filter        │
 │    enter     switch        f         fork          ?         toggle help   │
 │    esc       back/close  worktree                  q         quit          │
 │                            s         sync changes                          │
 │                            c         configure                             │
 │                            p         browse PRs                            │
 │                            i         browse                                │
 │                          issues                                            │
 │                            a         bulk delete                           │
 │                            o         cycle sort                            │
 │                            r         refresh                               │
 │                                                                            │
 │  Press ? again to close                                                    │
 │                                                                            │
 ╰────────────────────────────────────────────────────────────────────────────╯
                                                                                