[2m [1m[1mtest-project[m  ·  5 worktrees  ·  on root                                                                        ● root[m [m
[2m                                                                        │                                               [m
[2m 1 ❯ root ────────────────────────────────────────────────────── 2h ago │                                               [m
[2m       test commit for root                                             │                                               [m
[2m                                                                        │                                               [m
[2m 2 ○ feature-a… ──────────────────────────────────────────────── 2h ago │                                               [m
[2m       test commit for feature-auth                                     │                                               [m
[2m                                                                        │                                               [m
[2m 3 ○ fix-bug ─────────────────────────────────────────────────── 2h ago │                                               [m
[2m       test commit for fix-bug                                          │                                               [m
  ╭──────────────────────────────────────────────────────────────────────────────────────────────────────────────────╮
  │                                                                                                                  │
  │  [1mQuick Reference[m                                                                                                 │
  │                                                                                                                  │
  │  [1mNavigation[m                           [1mActions[m                              [1mViews[m                                 │
  │                                                                                                                  │
  │    [1m↑/k       [mmove up                    [1mn         [mnew worktree               [1m1-9       [mquick-switch              │
  │    [1m↓/j       [mmove down                  [1md         [mdelete                     [1m/         [mfilter                    │
  │    [1menter     [mswitch                     [1mf         [mfork worktree              [1mv         [mcompact/expanded          │
  │    [1mesc       [mback/close                 [1ms         [msync changes               [1m?         [mtoggle help               │
  │                                         [1mc         [mconfigure                  [1mq         [mquit                      │
  │                                         [1mp         [mbrowse PRs                                                     │
  │                                         [1mi         [mbrowse issues                                                  │
  │                                         [1ma         [mbulk delete                                                    │
  │                                         [1mo         [mcycle sort                                                     │
  │                                         [1mr         [mrefresh                                                        │
  │                                                                                                                  │
  │  Press ? again to close                                                                                          │
  │                                                                                                                  │
  ╰──────────────────────────────────────────────────────────────────────────────────────────────────────────────────╯
[2m                                                                        │                                               [m
[2m                                                                        │                                               [m
[2m                                                                        │                                               [m
[2m                                                                        │                                               [m
[2m                                                                        │                                               [m
[2m                                                                        │                                               [m
[2m                                                                        │                                               [m
[2m                                                                        │                                               [m
[2m  [1m↑↓[m navigate · [1menter[m switch · [1mn[m new · [1md[m delete · [1mf[m fork · [1ms[m sync                                                       [m
[2m  [1mc[m config · [1mo[m sort · [1mv[m compact · [1m/[m filter · [1mp[m PRs · [1mi[m issues · [1m?[m more                                                  [m