               ╭────────────────────────────────────────────────╮
               │                                                │
               │  [1mFork Worktree[m                                 │
               │                                                │
               │    ●━━━━━━━━━━━━━━━━━━●━━━━━━━━━━━━━━━━━━●     │
               │    Name ✓           WIP ✓          [1mConfirm[m     │
               │                                                │
               │    Source:  feature-auth                       │
               │    Name:    experiment                         │
               │    Branch:  feature-auth-experiment            │
               │                                                │
               │    Ready to fork.                              │
               │                                                │
               │                                                │
               │                                                │
               │                                                │
               │                                                │
               │                                                │
               │                                                │
               │                                                │
               │    [enter] fork  [backspace] back  [esc]       │
               │  cancel                                        │
               │                                                │
               ╰────────────────────────────────────────────────╯