 [1m[1mtest-project[m  ·  5 worktrees  ·  on root  ·  ↕ name                                                             ● root[m 
     NAME         BRANCH       AGE     ± ↕    ⬡ ◆                       │                                               
 ────────────────────────────────────────────────────────────────────── │                                               
                                                                        │                                               
 1 ❯ [1mroot        [m root         2h ago  ●                                │                                               
 2 ○ feature-auth feature-auth 2h ago  ✓                                │                                               
 3 ○ fix-bug      fix-bug      2h ago  ✓                                │                                               
 4 ● testing      testing      2h ago  ●                                │                                               
 5 ○ refactor     refactor     2h ago  ✓                                │                                               
                                                                        │                                               
                                                                        │                                               
                                                                        │                                               
                                                                        │                                               
                                                                        │                                               
                                                                        │                                               
                                                                        │                                               
                                                                        │                                               
                                                                        │                                               
                                                                        │                                               
                                                                        │                                               
                                                                        │                                               
                                                                        │                                               
                                                                        │                                               
                                                                        │                                               
                                                                        │                                               
                                                                        │                                               
                                                                        │                                               
                                                                        │                                               
                                                                        │                                               
                                                                        │                                               
                                                                        │                                               
                                                                        │                                               
                                                                        │                                               
                                                                        │                                               
                                                                        │                                               
                                                                        │                                               
                                                                        │                                               
                                                                        │                                               
  [1m↑↓[m navigate · [1menter[m switch · [1mn[m new · [1md[m delete · [1mR[m rename · [1mf[m fork · [1mb[m branch                                          
  [1ms[m sync · [1mc[m config · [1mo[m sort · [1mv[m detailed · [1m/[m filter · [1mp[m PRs · [1mi[m issues · [1m?[m more                                        