[48;2;24;24;37m [m[1;48;2;24;24;37m[1;38;2;96;165;250mtest-project[m[38;2;147;153;178m  ·  [m[38;2;147;153;178m5 worktrees[m[38;2;147;153;178m  ·  [m[38;2;147;153;178mon [m[38;2;205;214;244mroot[m[38;2;147;153;178m  ·  [m[38;2;147;153;178m↕ [m[38;2;205;214;244mname[m                     [38;2;52;211;153m●[m [38;2;205;214;244mroot[m[m[48;2;24;24;37m [m
                                                                                
 [38;2;88;91;112;48;2;49;50;68m1 [m[38;2;96;165;250;48;2;49;50;68m❯[m[48;2;49;50;68m [m[38;2;167;139;250;48;2;49;50;68mroot[m[48;2;49;50;68m [m[38;2;88;91;112;48;2;49;50;68m──────────────────────────────────────────────────────────────[m[48;2;49;50;68m [m[38;2;147;153;178;48;2;49;50;68m2h ago[m 
 [48;2;49;50;68m      [m[38;2;127;132;156;48;2;49;50;68mtest commit for root[m[48;2;49;50;68m                                                    [m 
   [38;2;151;151;151m•[m[38;2;60;60;60m•[m[38;2;60;60;60m•[m[38;2;60;60;60m•[m[38;2;60;60;60m•[m                                                                        
 [38;2;147;153;178m──[m[38;2;147;153;178m root [m[38;2;147;153;178m──────────────────────────────────────────────────────────────────────[m 
                                                                                
                                                                                
                                                                                
                                                                                
                                                                                
                                                                                
                                                                                
                                                                                
                                                                                
                                                                                
                                                                                
                                                                                
                                                                                
                                                                                
                                                                                
                                                                                
  [1;38;2;167;139;250m↑↓[m [38;2;147;153;178mnavigate[m[38;2;147;153;178m · [m[1;38;2;167;139;250menter[m [38;2;147;153;178mswitch[m[38;2;147;153;178m · [m[1;38;2;167;139;250mU[m [38;2;147;153;178mup[m[38;2;147;153;178m · [m[1;38;2;167;139;250mn[m [38;2;147;153;178mnew[m                                     
  [1;38;2;167;139;250m/[m [38;2;147;153;178mfilter[m[38;2;147;153;178m · [m[1;38;2;167;139;250mtab[m [38;2;147;153;178mdetail[m[38;2;147;153;178m · [m[1;38;2;167;139;250mo[m [38;2;147;153;178msort[m[38;2;147;153;178m · [m[1;38;2;167;139;250m?[m [38;2;147;153;178mhelp[m[38;2;147;153;178m · [m[1;38;2;167;139;250mq[m [38;2;147;153;178mquit[m                              