[2m [1m[1mtest-project[m  ·  3 worktrees  ·  on root                                ● root[m [m
[2m                                                                                [m
[2m 1 ❯ root ────────────────────────────────────────────────────────────── 2h ago [m
   ╭───────────────────────────────────────────────────────────────────────╮
   │                                                                       │
   │  [1mIssues[m                                                               │
   │                                                                       │
   │  3 open                                                               │
   │                                                                       │
   │  ❯ #101   Login page crashes on mobile                                │
   │           @alice · 2d ago  bug, high-priority                         │
   │                                                                       │
   │    #95    Add dark mode support                                       │
   │           @bob · 1w ago  enhancement                                  │
   │                                                                       │
   │    #88    Update README with setup instructions                       │
   │           @carol · 2w ago  docs                                       │
   │                                                                       │
   │  [enter] create worktree  [tab] preview  [esc] close  type to filter  │
   │                                                                       │
   ╰───────────────────────────────────────────────────────────────────────╯
[2m                                                                                [m
[2m                                                                                [m
[2m  [1m↑↓[m navigate · [1menter[m switch · [1mn[m new · [1md[m delete · [1mR[m rename · [1mf[m fork · [1mb[m branch  [m