               ╭────────────────────────────────────────────────╮
               │                                                │
               │  [1mSync Changes[m                                  │
               │                                                │
               │    ●━━━━━━━━━━━━━━━━━━○━━━━━━━━━━━━━━━━━━○     │
               │    [1mSource[m          Preview         Confirm     │
               │                                                │
               │    Pull uncommitted changes from another       │
               │  worktree                                      │
               │    into root.                                  │
               │                                                │
               │    ❯ feature-auth    2 files changed           │
               │      fix-bug    clean                          │
               │      testing    1 files changed                │
               │                                                │
               │                                                │
               │                                                │
               │                                                │
               │                                                │
               │                                                │
               │                                                │
               │                                                │
               │                                                │
               │                                                │