               ╭────────────────────────────────────────────────╮
               │                                                │
               │  [1mNew Worktree[m                                  │
               │                                                │
               │    ●━━━━━━━━━━━━━━━━━━○━━━━━━━━━━━━━━━━━━○     │
               │    [1mBranch[m           Name           Confirm     │
               │                                                │
               │    How would you like to set up the branch?    │
               │                                                │
               │    ❯ Select an existing branch                 │
               │      Create a new branch                       │
               │                                                │
               │                                                │
               │                                                │
               │                                                │
               │                                                │
               │                                                │
               │                                                │
               │                                                │
               │                                                │
               │                                                │
               │                                                │
               │                                                │
               │    [enter] select  [esc] cancel                │