[2m [1m[1mtest-project[m  ·  3 worktrees  ·  on root  ·  ↕ name                     ● root[m [m
               ╭────────────────────────────────────────────────╮
               │                                                │
               │  [1mNew Worktree[m                                  │
               │                                                │
               │    ●━━━━━━━━━━━━━━━━━━●━━━━━━━━━━━━━━━━━━●     │
               │    Branch ✓        Name ✓          [1mConfirm[m     │
               │                                                │
               │    ╭────────────────────────────────────╮      │
               │    │ Summary                            │      │
               │    │ Name:     auth-work                │      │
               │    │ Full:     test-project-auth-work   │      │
               │    │ Branch:   feature/auth (existing)  │      │
               │    ╰────────────────────────────────────╯      │
               │                                                │
               │    Strategy: from existing branch              │
               │                                                │
               │    Ready to create worktree.                   │
               │                                                │
               │    [enter] create  [backspace] back  [esc]     │
               │  cancel                                        │
               │                                                │
               ╰────────────────────────────────────────────────╯
[2m  [1m/[m filter · [1mo[m sort · [1m?[m help · [1mq[m quit                                           [m