               ╭────────────────────────────────────────────────╮
               │                                                │
               │  [1mNew Worktree[m                                  │
               │                                                │
               │    ●━━━━━━━━━━━━━━━━━━●━━━━━━━━━━━━━━━━━━●     │
               │    Branch ✓        Name ✓          [1mConfirm[m     │
               │                                                │
               │    ╭────────────────────────────────────╮      │
               │    │ Summary                            │      │
               │    │ Name:     auth-work                │      │
               │    │ Full:     test-project-auth-work   │      │
               │    │ Branch:   feature/auth (existing)  │      │
               │    ╰────────────────────────────────────╯      │
               │                                                │
               │    Strategy: from existing branch              │
               │                                                │
               │    Ready to create worktree.                   │
               │                                                │
               │                                                │
               │                                                │
               │                                                │
               │                                                │
               │                                                │
               │    [enter] create  [backspace] back  [esc]     │