               ╭────────────────────────────────────────────────╮
               │                                                │
               │  [1mNew Worktree[m                                  │
               │                                                │
               │    ●━━━━━━━━━━━━━━━━━━●━━━━━━━━━━━━━━━━━━○     │
               │    Branch ✓         [1mName[m           Confirm     │
               │                                                │
               │    ╭────────────────────────────────────╮      │
               │    │ Summary                            │      │
               │    │ Branch:   feature/auth (existing)  │      │
               │    ╰────────────────────────────────────╯      │
               │                                                │
               │    [37mName: [m[38;5;240ma[m                                     │
               │    → test-project-auth                         │
               │                                                │
               │    ✓ valid name                                │
               │                                                │
               │                                                │
               │                                                │
               │                                                │
               │                                                │
               │                                                │
               │                                                │
               │    [enter] next  [backspace] back  [esc]       │