[2m [1m[1mtest-project[m  ·  3 worktrees  ·  on root  ·  ↕ name                     ● root[m [m
               ╭────────────────────────────────────────────────╮
               │                                                │
               │  [1mNew Worktree[m                                  │
               │                                                │
               │    ●━━━━━━━━━━━━━━━━━━●━━━━━━━━━━━━━━━━━━○     │
               │    Branch ✓         [1mName[m           Confirm     │
               │                                                │
               │    ╭────────────────────────────────────╮      │
               │    │ Summary                            │      │
               │    │ Branch:   feature/auth (existing)  │      │
               │    ╰────────────────────────────────────╯      │
               │                                                │
               │    [37mName: [m[38;5;240ma[m                                     │
               │    → test-project-auth                         │
               │                                                │
               │    ✓ valid name                                │
               │                                                │
               │    [enter] next  [backspace] back  [esc]       │
               │  cancel                                        │
               │                                                │
               ╰────────────────────────────────────────────────╯
[2m                                                                                [m
[2m  [1m↑↓[m navigate · [1menter[m switch · [1mn[m new · [1md[m delete · [1mR[m rename · [1mf[m fork · [1mb[m branch  [m